TAP version 13
# Subtest: Weixin base fee 0
ok 1 - Weixin base fee 0
  ---
  duration_ms: 2.087777
  type: 'test'
  ...
# Subtest: Weixin base fee 199
ok 2 - Weixin base fee 199
  ---
  duration_ms: 0.1127
  type: 'test'
  ...
# Subtest: Weixin base fee 200
ok 3 - Weixin base fee 200
  ---
  duration_ms: 0.134497
  type: 'test'
  ...
# Subtest: Weixin base fee 201
ok 4 - Weixin base fee 201
  ---
  duration_ms: 0.082578
  type: 'test'
  ...
# Subtest: Weixin base fee 500
ok 5 - Weixin base fee 500
  ---
  duration_ms: 0.076998
  type: 'test'
  ...
# Subtest: Weixin base fee 1000
ok 6 - Weixin base fee 1000
  ---
  duration_ms: 0.07094
  type: 'test'
  ...
# Subtest: Reject invalid amount -1
ok 7 - Reject invalid amount -1
  ---
  duration_ms: 0.204967
  type: 'test'
  ...
# Subtest: Reject invalid amount no
ok 8 - Reject invalid amount no
  ---
  duration_ms: 0.067887
  type: 'test'
  ...
# Subtest: Reject invalid amount Infinity
ok 9 - Reject invalid amount Infinity
  ---
  duration_ms: 0.236969
  type: 'test'
  ...
# Subtest: Reject invalid amount 1000001
ok 10 - Reject invalid amount 1000001
  ---
  duration_ms: 0.279172
  type: 'test'
  ...
# Subtest: Redact emails and long card numbers
ok 11 - Redact emails and long card numbers
  ---
  duration_ms: 0.649515
  type: 'test'
  ...
# Subtest: Multi-turn city corrections and battery are retained
ok 12 - Multi-turn city corrections and battery are retained
  ---
  duration_ms: 1.008027
  type: 'test'
  ...
# Subtest: Unknown facts remain unknown
ok 13 - Unknown facts remain unknown
  ---
  duration_ms: 0.383544
  type: 'test'
  ...
# Subtest: Draft schema rejects unknown category
ok 14 - Draft schema rejects unknown category
  ---
  duration_ms: 0.18455
  type: 'test'
  ...
# Subtest: Draft schema rejects empty needs
ok 15 - Draft schema rejects empty needs
  ---
  duration_ms: 0.070785
  type: 'test'
  ...
# Subtest: Requirement text does not introduce a URL
ok 16 - Requirement text does not introduce a URL
  ---
  duration_ms: 0.153763
  type: 'test'
  ...
# Subtest: Correct-city ranking excludes another city
ok 17 - Correct-city ranking excludes another city
  ---
  duration_ms: 0.317617
  type: 'test'
  ...
# Subtest: Selected payment sources are operator primary
ok 18 - Selected payment sources are operator primary
  ---
  duration_ms: 0.168131
  type: 'test'
  ...
# Subtest: Past review deadline is explicit
ok 19 - Past review deadline is explicit
  ---
  duration_ms: 0.086347
  type: 'test'
  ...
# Subtest: No key model reports unconfigured
ok 20 - No key model reports unconfigured
  ---
  duration_ms: 0.116003
  type: 'test'
  ...
# Subtest: Key is never returned by model status
ok 21 - Key is never returned by model status
  ---
  duration_ms: 0.163743
  type: 'test'
  ...
# Subtest: Reject arbitrary model IDs
ok 22 - Reject arbitrary model IDs
  ---
  duration_ms: 0.082617
  type: 'test'
  ...
# Subtest: Reject SSRF target http://127.0.0.1
ok 23 - Reject SSRF target http://127.0.0.1
  ---
  duration_ms: 0.213209
  type: 'test'
  ...
# Subtest: Reject SSRF target https://127.0.0.1/
ok 24 - Reject SSRF target https://127.0.0.1/
  ---
  duration_ms: 0.070031
  type: 'test'
  ...
# Subtest: Reject SSRF target https://english.shanghai.gov.cn.evil.test/
ok 25 - Reject SSRF target https://english.shanghai.gov.cn.evil.test/
  ---
  duration_ms: 0.048505
  type: 'test'
  ...
# Subtest: Reject SSRF target https://user:pw@english.shanghai.gov.cn/
ok 26 - Reject SSRF target https://user:pw@english.shanghai.gov.cn/
  ---
  duration_ms: 0.049417
  type: 'test'
  ...
# Subtest: Reject SSRF target https://english.shanghai.gov.cn:8443/
ok 27 - Reject SSRF target https://english.shanghai.gov.cn:8443/
  ---
  duration_ms: 0.046526
  type: 'test'
  ...
# Subtest: Allow approved official source
ok 28 - Allow approved official source
  ---
  duration_ms: 0.061247
  type: 'test'
  ...
# Subtest: Robots disallow and longer allow work
ok 29 - Robots disallow and longer allow work
  ---
  duration_ms: 1.454636
  type: 'test'
  ...
# Subtest: Specific robot group overrides wildcard
ok 30 - Specific robot group overrides wildcard
  ---
  duration_ms: 0.186678
  type: 'test'
  ...
# Subtest: Remove script/style before model context
ok 31 - Remove script/style before model context
  ---
  duration_ms: 0.881932
  type: 'test'
  ...
# Subtest: Valid source-only node passes shape checks
ok 32 - Valid source-only node passes shape checks
  ---
  duration_ms: 0.534828
  type: 'test'
  ...
# Subtest: Invented citation is rejected
ok 33 - Invented citation is rejected
  ---
  duration_ms: 0.108899
  type: 'test'
  ...
# Subtest: Invented gate number is rejected
ok 34 - Invented gate number is rejected
  ---
  duration_ms: 0.213031
  type: 'test'
  ...
# Subtest: Live-source failure cannot substantiate model answer
ok 35 - Live-source failure cannot substantiate model answer
  ---
  duration_ms: 0.090742
  type: 'test'
  ...
# Subtest: Model output cannot contain arbitrary clickable URL
ok 36 - Model output cannot contain arbitrary clickable URL
  ---
  duration_ms: 0.120673
  type: 'test'
  ...
# Subtest: Low battery returns a non-scanning fallback
ok 37 - Low battery returns a non-scanning fallback
  ---
  duration_ms: 0.163065
  type: 'test'
  ...
# Subtest: Changed source does not reuse reviewed summary
ok 38 - Changed source does not reuse reviewed summary
  ---
  duration_ms: 0.073656
  type: 'test'
  ...
# Subtest: Provider usage is counted but never treated as balance
ok 39 - Provider usage is counted but never treated as balance
  ---
  duration_ms: 21.436155
  type: 'test'
  ...
# Subtest: Provider 401 does not masquerade as successful generation
ok 40 - Provider 401 does not masquerade as successful generation
  ---
  duration_ms: 0.52721
  type: 'test'
  ...
# Subtest: Robots refusal does not fetch page
ok 41 - Robots refusal does not fetch page
  ---
  duration_ms: 1.013761
  type: 'test'
  ...
# Subtest: Cross-host redirect is stopped
ok 42 - Cross-host redirect is stopped
  ---
  duration_ms: 1.04333
  type: 'test'
  ...
# Subtest: Real local HTTP: status, auth, consent, confirmation, plan, corrections
ok 43 - Real local HTTP: status, auth, consent, confirmation, plan, corrections
  ---
  duration_ms: 120.896003
  type: 'test'
  ...
# Subtest: Another session cannot use a confirmation token
ok 44 - Another session cannot use a confirmation token
  ---
  duration_ms: 10.982681
  type: 'test'
  ...
# Subtest: Unknown arrival city cannot borrow Shanghai airport directions
ok 45 - Unknown arrival city cannot borrow Shanghai airport directions
  ---
  duration_ms: 0.3431
  type: 'test'
  ...
# Subtest: Future editorial date is not a current verified source
ok 46 - Future editorial date is not a current verified source
  ---
  duration_ms: 0.111268
  type: 'test'
  ...
# Subtest: A close listener captures its own plan controller
ok 47 - A close listener captures its own plan controller
  ---
  duration_ms: 0.303822
  type: 'test'
  ...
1..47
# tests 47
# suites 0
# pass 47
# fail 0
# cancelled 0
# skipped 0
# todo 0
# duration_ms 237.439632
